
> karadut-otel@0.1.0 build
> next build

▲ Next.js 16.2.3 (Turbopack)
- Environments: .env.local

  Creating an optimized production build ...
✓ Compiled successfully in 20.2s
  Running TypeScript ...
  Finished TypeScript in 22.6s ...
  Collecting page data using 27 workers ...
  Generating static pages using 27 workers (0/23) ...
  Generating static pages using 27 workers (5/23) 
  Generating static pages using 27 workers (11/23) 
  Generating static pages using 27 workers (17/23) 
✓ Generating static pages using 27 workers (23/23) in 1322ms
  Finalizing page optimization ...

Route (app)
┌ ○ /
├ ○ /_not-found
├ ○ /about
├ ○ /admin
├ ○ /admin/login
├ ƒ /api/admin/reservations
├ ƒ /api/admin/reservations/[id]/cancel
├ ƒ /api/admin/reservations/[id]/confirm
├ ƒ /api/auth/login
├ ƒ /api/auth/logout
├ ƒ /api/availability
├ ƒ /api/contact
├ ƒ /api/cron/expire-reservations
├ ƒ /api/reservations
├ ○ /apple-icon.png
├ ○ /booking-success
├ ○ /contact
├ ○ /gizlilik
├ ○ /icon.svg
├ ○ /iptal-politikasi
├ ○ /kvkk
├ ○ /reservation
├ ○ /robots.txt
├ ○ /rooms
└ ○ /sitemap.xml


ƒ Proxy (Middleware)

○  (Static)   prerendered as static content
ƒ  (Dynamic)  server-rendered on demand

