
> karadut-otel@0.1.0 build
> next build

▲ Next.js 16.2.3 (Turbopack)
- Environments: .env.local

  Creating an optimized production build ...
✓ Compiled successfully in 18.1s
  Running TypeScript ...
  Finished TypeScript in 23.4s ...
  Collecting page data using 31 workers ...
  Generating static pages using 31 workers (0/42) ...
  Generating static pages using 31 workers (10/42) 
  Generating static pages using 31 workers (20/42) 
  Generating static pages using 31 workers (31/42) 
✓ Generating static pages using 31 workers (42/42) in 637ms
  Finalizing page optimization ...

Route (app)
┌ ○ /_not-found
├ ƒ /[locale]
├ ƒ /[locale]/about
├ ƒ /[locale]/booking-success
├ ƒ /[locale]/contact
├ ƒ /[locale]/gizlilik
├ ƒ /[locale]/iptal-politikasi
├ ƒ /[locale]/kvkk
├ ƒ /[locale]/reservation
├ ƒ /[locale]/rezervasyon-sorgula
├ ƒ /[locale]/rooms
├ ƒ /[locale]/rooms/[slug]
├ ○ /admin
├ ○ /admin/login
├ ƒ /api/admin/reservations
├ ƒ /api/admin/reservations/[id]/cancel
├ ƒ /api/admin/reservations/[id]/confirm
├ ƒ /api/auth/login
├ ƒ /api/auth/logout
├ ƒ /api/availability
├ ƒ /api/contact
├ ƒ /api/cron/expire-reservations
├ ƒ /api/pricing
├ ƒ /api/reservations
├ ƒ /api/reservations/lookup
├ ○ /apple-icon.png
├ ○ /icon.svg
├ ○ /robots.txt
└ ○ /sitemap.xml


ƒ Proxy (Middleware)

○  (Static)   prerendered as static content
ƒ  (Dynamic)  server-rendered on demand

